// Jest Snapshot v1, https://goo.gl/fbAQLP

exports[`CNavGroup customize 1`] = `
<div>
  <li
    class="nav-group bazinga"
  >
    <a
      class="nav-link nav-group-toggle"
      href="#"
    >
      anchorText
    </a>
    <ul
      class="nav-group-items"
      style="height: 0px; display: block;"
    />
  </li>
</div>
`;

exports[`loads and displays CNavGroup component 1`] = `
<div>
  <li
    class="nav-group"
  >
    <a
      class="nav-link nav-group-toggle"
      href="#"
    >
      anchorText
    </a>
    <ul
      class="nav-group-items"
      style="height: 0px;"
    />
  </li>
</div>
`;
