// Jest Snapshot v1, https://goo.gl/fbAQLP

exports[`CNav customize 1`] = `
<div>
  <h3
    class="nav nav-justified nav-pills bazinga"
    role="navigation"
  >
    Test
  </h3>
</div>
`;

exports[`CNav example 1`] = `
<div>
  <ul
    class="nav"
    role="navigation"
  >
    <li
      class="nav-item"
    >
      <a
        aria-current="page"
        class="nav-link active"
        href="#"
      >
        Active
      </a>
    </li>
    <li
      class="nav-item"
    >
      <a
        class="nav-link"
        href="#"
      >
        Link
      </a>
    </li>
    <li
      class="nav-item dropdown"
    >
      <a
        aria-expanded="false"
        class="nav-link dropdown-toggle"
        href="#"
        role="button"
      >
        A
      </a>
      <ul
        class="dropdown-menu"
        role="menu"
      >
        <li>
          <a
            class="dropdown-item"
            href="#"
          >
            B
          </a>
        </li>
        <li>
          <a
            class="dropdown-item"
            href="#"
          >
            C
          </a>
        </li>
        <li>
          <a
            class="dropdown-item"
            href="#"
          >
            D
          </a>
        </li>
      </ul>
    </li>
    <li
      class="nav-item"
    >
      <a
        class="nav-link"
        href="#"
      >
        Link
      </a>
    </li>
    <li
      class="nav-item"
    >
      <a
        aria-disabled="true"
        class="nav-link disabled"
        disabled=""
        href="#"
        tabindex="-1"
      >
        Disabled
      </a>
    </li>
  </ul>
</div>
`;

exports[`loads and displays CNav component 1`] = `
<div>
  <ul
    class="nav"
    role="navigation"
  >
    Test
  </ul>
</div>
`;
